Chapter 2
Fundamentals of Musical Form

The process of musical composition can be divided into several distinct phases. First, the composer must establish a basic musical idea or theme. This theme should be both memorable and capable of development. Second, the composer must determine how to present and develop this theme through various musical techniques such as repetition, variation, and contrast.

Musical form emerges from the careful organization of these elements. A well-structured composition maintains interest while providing coherence and unity. The balance between repetition and variation is crucial - too much repetition becomes monotonous, while too much variation can lead to confusion.

Key concepts to consider:
1. Thematic development
2. Structural balance
3. Harmonic progression
4. Rhythmic organization